2024-02-04 18:01:52,365657 [@/Users/rlin/github/linrongbin16/fzfx.nvim/lua/fzfx/detail/general.lua:1197] INFO: |general.query_fzf_status| after-2, used:4122
2024-02-04 18:01:52,366534 [@/Users/rlin/github/linrongbin16/fzfx.nvim/lua/fzfx/detail/popup/buffer_popup_window.lua:769] INFO: |BufferPopupWindow:preview_file| after-1, used:249
2024-02-04 18:01:52,366699 [@/Users/rlin/github/linrongbin16/fzfx.nvim/lua/fzfx/detail/general.lua:1291] INFO: |general.query_fzf_status| after-1, used:753
2024-02-04 18:01:52,514913 [@/Users/rlin/github/linrongbin16/fzfx.nvim/lua/fzfx/detail/popup/buffer_popup_window.lua:808] INFO: |BufferPopupWindow:preview_file_contents| after-1, used:90773
2024-02-04 18:01:52,535404 [@/Users/rlin/github/linrongbin16/fzfx.nvim/lua/fzfx/detail/popup/buffer_popup_window.lua:969] INFO: |BufferPopupWindow:preview_file_contents| after-2, used:1.7070409125353e+15
2024-02-04 18:01:52,537525 [@/Users/rlin/github/linrongbin16/fzfx.nvim/lua/fzfx/detail/popup/buffer_popup_window.lua:922] INFO: |BufferPopupWindow:preview_file_contents - set_buf_lines| before-1
2024-02-04 18:01:52,537816 [@/Users/rlin/github/linrongbin16/fzfx.nvim/lua/fzfx/detail/popup/buffer_popup_window.lua:960] INFO: |BufferPopupWindow:preview_file_contents - set_buf_lines| after-1, used:267
2024-02-04 18:01:52,555267 [@/Users/rlin/github/linrongbin16/fzfx.nvim/lua/fzfx/detail/general.lua:1193] INFO: |general.query_fzf_status| before-2 
2024-02-04 18:01:52,559422 [@/Users/rlin/github/linrongbin16/fzfx.nvim/lua/fzfx/detail/general.lua:1197] INFO: |general.query_fzf_status| after-2, used:4146
2024-02-04 18:01:52,559704 [@/Users/rlin/github/linrongbin16/fzfx.nvim/lua/fzfx/detail/popup/buffer_popup_window.lua:922] INFO: |BufferPopupWindow:preview_file_contents - set_buf_lines| before-1
2024-02-04 18:01:52,560162 [@/Users/rlin/github/linrongbin16/fzfx.nvim/lua/fzfx/detail/popup/buffer_popup_window.lua:960] INFO: |BufferPopupWindow:preview_file_contents - set_buf_lines| after-1, used:463
2024-02-04 18:01:52,563126 [@/Users/rlin/github/linrongbin16/fzfx.nvim/lua/fzfx/detail/popup/buffer_popup_window.lua:922] INFO: |BufferPopupWindow:preview_file_contents - set_buf_lines| before-1
2024-02-04 18:01:52,564131 [@/Users/rlin/github/linrongbin16/fzfx.nvim/lua/fzfx/detail/popup/buffer_popup_window.lua:960] INFO: |BufferPopupWindow:preview_file_contents - set_buf_lines| after-1, used:973
2024-02-04 18:01:52,566774 [@/Users/rlin/github/linrongbin16/fzfx.nvim/lua/fzfx/detail/popup/buffer_popup_window.lua:922] INFO: |BufferPopupWindow:preview_file_contents - set_buf_lines| before-1
2024-02-04 18:01:52,566997 [@/Users/rlin/github/linrongbin16/fzfx.nvim/lua/fzfx/detail/popup/buffer_popup_window.lua:960] INFO: |BufferPopupWindow:preview_file_contents - set_buf_lines| after-1, used:223
2024-02-04 18:01:52,567152 [@/Users/rlin/github/linrongbin16/fzfx.nvim/lua/fzfx/detail/popup/buffer_popup_window.lua:873] INFO: |BufferPopupWindow:preview_file_contents - set_win_title| before-1
2024-02-04 18:01:52,567299 [@/Users/rlin/github/linrongbin16/fzfx.nvim/lua/fzfx/detail/popup/buffer_popup_window.lua:887] INFO: |BufferPopupWindow:preview_file_contents - set_win_title| after-1, used:141
2024-02-04 18:01:52,579366 [@/Users/rlin/github/linrongbin16/fzfx.nvim/lua/fzfx/detail/popup/buffer_popup_window.lua:922] INFO: |BufferPopupWindow:preview_file_contents - set_buf_lines| before-1
2024-02-04 18:01:52,579871 [@/Users/rlin/github/linrongbin16/fzfx.nvim/lua/fzfx/detail/popup/buffer_popup_window.lua:960] INFO: |BufferPopupWindow:preview_file_contents - set_buf_lines| after-1, used:516
2024-02-04 18:01:52,590297 [@/Users/rlin/github/linrongbin16/fzfx.nvim/lua/fzfx/detail/popup/buffer_popup_window.lua:922] INFO: |BufferPopupWindow:preview_file_contents - set_buf_lines| before-1
2024-02-04 18:01:52,593885 [@/Users/rlin/github/linrongbin16/fzfx.nvim/lua/fzfx/detail/popup/buffer_popup_window.lua:960] INFO: |BufferPopupWindow:preview_file_contents - set_buf_lines| after-1, used:3598
2024-02-04 18:01:52,602776 [@/Users/rlin/github/linrongbin16/fzfx.nvim/lua/fzfx/detail/popup/buffer_popup_window.lua:922] INFO: |BufferPopupWindow:preview_file_contents - set_buf_lines| before-1
2024-02-04 18:01:52,603170 [@/Users/rlin/github/linrongbin16/fzfx.nvim/lua/fzfx/detail/popup/buffer_popup_window.lua:960] INFO: |BufferPopupWindow:preview_file_contents - set_buf_lines| after-1, used:522
2024-02-04 18:01:52,614139 [@/Users/rlin/github/linrongbin16/fzfx.nvim/lua/fzfx/detail/popup/buffer_popup_window.lua:922] INFO: |BufferPopupWindow:preview_file_contents - set_buf_lines| before-1
2024-02-04 18:01:52,614531 [@/Users/rlin/github/linrongbin16/fzfx.nvim/lua/fzfx/detail/popup/buffer_popup_window.lua:960] INFO: |BufferPopupWindow:preview_file_contents - set_buf_lines| after-1, used:454
2024-02-04 18:01:52,623517 [@/Users/rlin/github/linrongbin16/fzfx.nvim/lua/fzfx/detail/popup/buffer_popup_window.lua:922] INFO: |BufferPopupWindow:preview_file_contents - set_buf_lines| before-1
2024-02-04 18:01:52,623880 [@/Users/rlin/github/linrongbin16/fzfx.nvim/lua/fzfx/detail/popup/buffer_popup_window.lua:960] INFO: |BufferPopupWindow:preview_file_contents - set_buf_lines| after-1, used:411
2024-02-04 18:01:52,636127 [@/Users/rlin/github/linrongbin16/fzfx.nvim/lua/fzfx/detail/popup/buffer_popup_window.lua:922] INFO: |BufferPopupWindow:preview_file_contents - set_buf_lines| before-1
2024-02-04 18:01:52,636551 [@/Users/rlin/github/linrongbin16/fzfx.nvim/lua/fzfx/detail/popup/buffer_popup_window.lua:960] INFO: |BufferPopupWindow:preview_file_contents - set_buf_lines| after-1, used:428
2024-02-04 18:01:52,697438 [@/Users/rlin/github/linrongbin16/fzfx.nvim/lua/fzfx/detail/general.lua:1193] INFO: |general.query_fzf_status| before-2 
2024-02-04 18:01:52,697769 [@/Users/rlin/github/linrongbin16/fzfx.nvim/lua/fzfx/detail/general.lua:1197] INFO: |general.query_fzf_status| after-2, used:378
2024-02-04 18:01:52,697949 [@/Users/rlin/github/linrongbin16/fzfx.nvim/lua/fzfx/detail/general.lua:1215] INFO: |general.query_fzf_status| before-1
2024-02-04 18:01:52,698320 [@/Users/rlin/github/linrongbin16/fzfx.nvim/lua/fzfx/detail/popup/buffer_popup_window.lua:655] INFO: |BufferPopupWindow:preview_file| before-1
2024-02-04 18:01:52,698558 [@/Users/rlin/github/linrongbin16/fzfx.nvim/lua/fzfx/detail/popup/buffer_popup_window.lua:769] INFO: |BufferPopupWindow:preview_file| after-1, used:262
2024-02-04 18:01:52,698741 [@/Users/rlin/github/linrongbin16/fzfx.nvim/lua/fzfx/detail/general.lua:1291] INFO: |general.query_fzf_status| after-1, used:799
2024-02-04 18:01:52,759246 [@/Users/rlin/github/linrongbin16/fzfx.nvim/lua/fzfx/detail/popup/buffer_popup_window.lua:784] INFO: |BufferPopupWindow:preview_file_contents| before-1
2024-02-04 18:01:52,804137 [@/Users/rlin/github/linrongbin16/fzfx.nvim/lua/fzfx/detail/popup/buffer_popup_window.lua:808] INFO: |BufferPopupWindow:preview_file_contents| after-1, used:44951
2024-02-04 18:01:52,820524 [@/Users/rlin/github/linrongbin16/fzfx.nvim/lua/fzfx/detail/popup/buffer_popup_window.lua:836] INFO: |BufferPopupWindow:preview_file_contents| before-2
2024-02-04 18:01:52,821422 [@/Users/rlin/github/linrongbin16/fzfx.nvim/lua/fzfx/detail/popup/buffer_popup_window.lua:969] INFO: |BufferPopupWindow:preview_file_contents| after-2, used:1.7070409128213e+15
2024-02-04 18:01:52,824244 [@/Users/rlin/github/linrongbin16/fzfx.nvim/lua/fzfx/detail/popup/buffer_popup_window.lua:922] INFO: |BufferPopupWindow:preview_file_contents - set_buf_lines| before-1
2024-02-04 18:01:52,825155 [@/Users/rlin/github/linrongbin16/fzfx.nvim/lua/fzfx/detail/popup/buffer_popup_window.lua:960] INFO: |BufferPopupWindow:preview_file_contents - set_buf_lines| after-1, used:890
2024-02-04 18:01:52,834367 [@/Users/rlin/github/linrongbin16/fzfx.nvim/lua/fzfx/detail/general.lua:1193] INFO: |general.query_fzf_status| before-2 
2024-02-04 18:01:52,834782 [@/Users/rlin/github/linrongbin16/fzfx.nvim/lua/fzfx/detail/general.lua:1197] INFO: |general.query_fzf_status| after-2, used:400
2024-02-04 18:01:52,835041 [@/Users/rlin/github/linrongbin16/fzfx.nvim/lua/fzfx/detail/popup/buffer_popup_window.lua:922] INFO: |BufferPopupWindow:preview_file_contents - set_buf_lines| before-1
2024-02-04 18:01:52,835776 [@/Users/rlin/github/linrongbin16/fzfx.nvim/lua/fzfx/detail/popup/buffer_popup_window.lua:960] INFO: |BufferPopupWindow:preview_file_contents - set_buf_lines| after-1, used:762
2024-02-04 18:01:52,868820 [@/Users/rlin/github/linrongbin16/fzfx.nvim/lua/fzfx/detail/popup/buffer_popup_window.lua:922] INFO: |BufferPopupWindow:preview_file_contents - set_buf_lines| before-1
2024-02-04 18:01:52,869526 [@/Users/rlin/github/linrongbin16/fzfx.nvim/lua/fzfx/detail/popup/buffer_popup_window.lua:960] INFO: |BufferPopupWindow:preview_file_contents - set_buf_lines| after-1, used:750
2024-02-04 18:01:52,888748 [@/Users/rlin/github/linrongbin16/fzfx.nvim/lua/fzfx/detail/popup/buffer_popup_window.lua:922] INFO: |BufferPopupWindow:preview_file_contents - set_buf_lines| before-1
2024-02-04 18:01:52,889235 [@/Users/rlin/github/linrongbin16/fzfx.nvim/lua/fzfx/detail/popup/buffer_popup_window.lua:960] INFO: |BufferPopupWindow:preview_file_contents - set_buf_lines| after-1, used:488
2024-02-04 18:01:52,889527 [@/Users/rlin/github/linrongbin16/fzfx.nvim/lua/fzfx/detail/popup/buffer_popup_window.lua:873] INFO: |BufferPopupWindow:preview_file_contents - set_win_title| before-1
2024-02-04 18:01:52,890670 [@/Users/rlin/github/linrongbin16/fzfx.nvim/lua/fzfx/detail/popup/buffer_popup_window.lua:887] INFO: |BufferPopupWindow:preview_file_contents - set_win_title| after-1, used:1098
2024-02-04 18:01:52,892001 [@/Users/rlin/github/linrongbin16/fzfx.nvim/lua/fzfx/detail/popup/buffer_popup_window.lua:922] INFO: |BufferPopupWindow:preview_file_contents - set_buf_lines| before-1
2024-02-04 18:01:52,892504 [@/Users/rlin/github/linrongbin16/fzfx.nvim/lua/fzfx/detail/popup/buffer_popup_window.lua:960] INFO: |BufferPopupWindow:preview_file_contents - set_buf_lines| after-1, used:517
2024-02-04 18:01:52,906223 [@/Users/rlin/github/linrongbin16/fzfx.nvim/lua/fzfx/detail/popup/buffer_popup_window.lua:922] INFO: |BufferPopupWindow:preview_file_contents - set_buf_lines| before-1
2024-02-04 18:01:52,906881 [@/Users/rlin/github/linrongbin16/fzfx.nvim/lua/fzfx/detail/popup/buffer_popup_window.lua:960] INFO: |BufferPopupWindow:preview_file_contents - set_buf_lines| after-1, used:670
2024-02-04 18:01:52,921212 [@/Users/rlin/github/linrongbin16/fzfx.nvim/lua/fzfx/detail/popup/buffer_popup_window.lua:922] INFO: |BufferPopupWindow:preview_file_contents - set_buf_lines| before-1
2024-02-04 18:01:52,921966 [@/Users/rlin/github/linrongbin16/fzfx.nvim/lua/fzfx/detail/popup/buffer_popup_window.lua:960] INFO: |BufferPopupWindow:preview_file_contents - set_buf_lines| after-1, used:771
2024-02-04 18:01:52,933104 [@/Users/rlin/github/linrongbin16/fzfx.nvim/lua/fzfx/detail/popup/buffer_popup_window.lua:922] INFO: |BufferPopupWindow:preview_file_contents - set_buf_lines| before-1
2024-02-04 18:01:52,933757 [@/Users/rlin/github/linrongbin16/fzfx.nvim/lua/fzfx/detail/popup/buffer_popup_window.lua:960] INFO: |BufferPopupWindow:preview_file_contents - set_buf_lines| after-1, used:661
2024-02-04 18:01:52,949498 [@/Users/rlin/github/linrongbin16/fzfx.nvim/lua/fzfx/detail/popup/buffer_popup_window.lua:922] INFO: |BufferPopupWindow:preview_file_contents - set_buf_lines| before-1
2024-02-04 18:01:52,950832 [@/Users/rlin/github/linrongbin16/fzfx.nvim/lua/fzfx/detail/popup/buffer_popup_window.lua:960] INFO: |BufferPopupWindow:preview_file_contents - set_buf_lines| after-1, used:1349
2024-02-04 18:01:52,957162 [@/Users/rlin/github/linrongbin16/fzfx.nvim/lua/fzfx/detail/general.lua:1193] INFO: |general.query_fzf_status| before-2 
2024-02-04 18:01:52,958521 [@/Users/rlin/github/linrongbin16/fzfx.nvim/lua/fzfx/detail/general.lua:1197] INFO: |general.query_fzf_status| after-2, used:1367
2024-02-04 18:01:53,073798 [@/Users/rlin/github/linrongbin16/fzfx.nvim/lua/fzfx/detail/general.lua:1193] INFO: |general.query_fzf_status| before-2 
2024-02-04 18:01:53,078133 [@/Users/rlin/github/linrongbin16/fzfx.nvim/lua/fzfx/detail/general.lua:1197] INFO: |general.query_fzf_status| after-2, used:4336
2024-02-04 18:01:53,078506 [@/Users/rlin/github/linrongbin16/fzfx.nvim/lua/fzfx/detail/general.lua:1215] INFO: |general.query_fzf_status| before-1
2024-02-04 18:01:53,078904 [@/Users/rlin/github/linrongbin16/fzfx.nvim/lua/fzfx/detail/popup/buffer_popup_window.lua:655] INFO: |BufferPopupWindow:preview_file| before-1
2024-02-04 18:01:53,079062 [@/Users/rlin/github/linrongbin16/fzfx.nvim/lua/fzfx/detail/popup/buffer_popup_window.lua:769] INFO: |BufferPopupWindow:preview_file| after-1, used:161
2024-02-04 18:01:53,079221 [@/Users/rlin/github/linrongbin16/fzfx.nvim/lua/fzfx/detail/general.lua:1291] INFO: |general.query_fzf_status| after-1, used:733
2024-02-04 18:01:53,134868 [@/Users/rlin/github/linrongbin16/fzfx.nvim/lua/fzfx/detail/popup/buffer_popup_window.lua:784] INFO: |BufferPopupWindow:preview_file_contents| before-1
2024-02-04 18:01:53,159385 [@/Users/rlin/github/linrongbin16/fzfx.nvim/lua/fzfx/detail/popup/buffer_popup_window.lua:808] INFO: |BufferPopupWindow:preview_file_contents| after-1, used:24552
2024-02-04 18:01:53,160861 [@/Users/rlin/github/linrongbin16/fzfx.nvim/lua/fzfx/detail/popup/buffer_popup_window.lua:836] INFO: |BufferPopupWindow:preview_file_contents| before-2
2024-02-04 18:01:53,161116 [@/Users/rlin/github/linrongbin16/fzfx.nvim/lua/fzfx/detail/popup/buffer_popup_window.lua:969] INFO: |BufferPopupWindow:preview_file_contents| after-2, used:1.7070409131611e+15
2024-02-04 18:01:53,166212 [@/Users/rlin/github/linrongbin16/fzfx.nvim/lua/fzfx/detail/popup/buffer_popup_window.lua:922] INFO: |BufferPopupWindow:preview_file_contents - set_buf_lines| before-1
2024-02-04 18:01:53,166612 [@/Users/rlin/github/linrongbin16/fzfx.nvim/lua/fzfx/detail/popup/buffer_popup_window.lua:960] INFO: |BufferPopupWindow:preview_file_contents - set_buf_lines| after-1, used:396
2024-02-04 18:01:53,172507 [@/Users/rlin/github/linrongbin16/fzfx.nvim/lua/fzfx/detail/popup/buffer_popup_window.lua:922] INFO: |BufferPopupWindow:preview_file_contents - set_buf_lines| before-1
2024-02-04 18:01:53,172868 [@/Users/rlin/github/linrongbin16/fzfx.nvim/lua/fzfx/detail/popup/buffer_popup_window.lua:960] INFO: |BufferPopupWindow:preview_file_contents - set_buf_lines| after-1, used:381
2024-02-04 18:01:53,189118 [@/Users/rlin/github/linrongbin16/fzfx.nvim/lua/fzfx/detail/popup/buffer_popup_window.lua:922] INFO: |BufferPopupWindow:preview_file_contents - set_buf_lines| before-1
2024-02-04 18:01:53,191823 [@/Users/rlin/github/linrongbin16/fzfx.nvim/lua/fzfx/detail/popup/buffer_popup_window.lua:960] INFO: |BufferPopupWindow:preview_file_contents - set_buf_lines| after-1, used:2704
2024-02-04 18:01:53,197978 [@/Users/rlin/github/linrongbin16/fzfx.nvim/lua/fzfx/detail/popup/buffer_popup_window.lua:922] INFO: |BufferPopupWindow:preview_file_contents - set_buf_lines| before-1
2024-02-04 18:01:53,198335 [@/Users/rlin/github/linrongbin16/fzfx.nvim/lua/fzfx/detail/popup/buffer_popup_window.lua:960] INFO: |BufferPopupWindow:preview_file_contents - set_buf_lines| after-1, used:370
2024-02-04 18:01:53,199129 [@/Users/rlin/github/linrongbin16/fzfx.nvim/lua/fzfx/detail/popup/buffer_popup_window.lua:873] INFO: |BufferPopupWindow:preview_file_contents - set_win_title| before-1
2024-02-04 18:01:53,201268 [@/Users/rlin/github/linrongbin16/fzfx.nvim/lua/fzfx/detail/popup/buffer_popup_window.lua:887] INFO: |BufferPopupWindow:preview_file_contents - set_win_title| after-1, used:2138
2024-02-04 18:01:53,201414 [@/Users/rlin/github/linrongbin16/fzfx.nvim/lua/fzfx/detail/general.lua:1193] INFO: |general.query_fzf_status| before-2 
2024-02-04 18:01:53,202093 [@/Users/rlin/github/linrongbin16/fzfx.nvim/lua/fzfx/detail/general.lua:1197] INFO: |general.query_fzf_status| after-2, used:625
2024-02-04 18:01:53,202664 [@/Users/rlin/github/linrongbin16/fzfx.nvim/lua/fzfx/detail/general.lua:1215] INFO: |general.query_fzf_status| before-1
2024-02-04 18:01:53,205302 [@/Users/rlin/github/linrongbin16/fzfx.nvim/lua/fzfx/detail/popup/buffer_popup_window.lua:655] INFO: |BufferPopupWindow:preview_file| before-1
2024-02-04 18:01:53,205624 [@/Users/rlin/github/linrongbin16/fzfx.nvim/lua/fzfx/detail/popup/buffer_popup_window.lua:769] INFO: |BufferPopupWindow:preview_file| after-1, used:322
2024-02-04 18:01:53,207042 [@/Users/rlin/github/linrongbin16/fzfx.nvim/lua/fzfx/detail/general.lua:1291] INFO: |general.query_fzf_status| after-1, used:4377
2024-02-04 18:01:53,263796 [@/Users/rlin/github/linrongbin16/fzfx.nvim/lua/fzfx/detail/popup/buffer_popup_window.lua:784] INFO: |BufferPopupWindow:preview_file_contents| before-1
2024-02-04 18:01:53,280197 [@/Users/rlin/github/linrongbin16/fzfx.nvim/lua/fzfx/detail/popup/buffer_popup_window.lua:808] INFO: |BufferPopupWindow:preview_file_contents| after-1, used:16468
2024-02-04 18:01:53,281337 [@/Users/rlin/github/linrongbin16/fzfx.nvim/lua/fzfx/detail/popup/buffer_popup_window.lua:836] INFO: |BufferPopupWindow:preview_file_contents| before-2
2024-02-04 18:01:53,281830 [@/Users/rlin/github/linrongbin16/fzfx.nvim/lua/fzfx/detail/popup/buffer_popup_window.lua:969] INFO: |BufferPopupWindow:preview_file_contents| after-2, used:1.7070409132818e+15
2024-02-04 18:01:53,285790 [@/Users/rlin/github/linrongbin16/fzfx.nvim/lua/fzfx/detail/popup/buffer_popup_window.lua:922] INFO: |BufferPopupWindow:preview_file_contents - set_buf_lines| before-1
2024-02-04 18:01:53,287451 [@/Users/rlin/github/linrongbin16/fzfx.nvim/lua/fzfx/detail/popup/buffer_popup_window.lua:960] INFO: |BufferPopupWindow:preview_file_contents - set_buf_lines| after-1, used:1665
2024-02-04 18:01:53,295314 [@/Users/rlin/github/linrongbin16/fzfx.nvim/lua/fzfx/detail/popup/buffer_popup_window.lua:922] INFO: |BufferPopupWindow:preview_file_contents - set_buf_lines| before-1
2024-02-04 18:01:53,295670 [@/Users/rlin/github/linrongbin16/fzfx.nvim/lua/fzfx/detail/popup/buffer_popup_window.lua:960] INFO: |BufferPopupWindow:preview_file_contents - set_buf_lines| after-1, used:373
2024-02-04 18:01:53,322208 [@/Users/rlin/github/linrongbin16/fzfx.nvim/lua/fzfx/detail/popup/buffer_popup_window.lua:922] INFO: |BufferPopupWindow:preview_file_contents - set_buf_lines| before-1
2024-02-04 18:01:53,327388 [@/Users/rlin/github/linrongbin16/fzfx.nvim/lua/fzfx/detail/popup/buffer_popup_window.lua:960] INFO: |BufferPopupWindow:preview_file_contents - set_buf_lines| after-1, used:5193
2024-02-04 18:01:53,329058 [@/Users/rlin/github/linrongbin16/fzfx.nvim/lua/fzfx/detail/popup/buffer_popup_window.lua:922] INFO: |BufferPopupWindow:preview_file_contents - set_buf_lines| before-1
2024-02-04 18:01:53,329657 [@/Users/rlin/github/linrongbin16/fzfx.nvim/lua/fzfx/detail/popup/buffer_popup_window.lua:960] INFO: |BufferPopupWindow:preview_file_contents - set_buf_lines| after-1, used:600
2024-02-04 18:01:53,329945 [@/Users/rlin/github/linrongbin16/fzfx.nvim/lua/fzfx/detail/popup/buffer_popup_window.lua:873] INFO: |BufferPopupWindow:preview_file_contents - set_win_title| before-1
2024-02-04 18:01:53,331484 [@/Users/rlin/github/linrongbin16/fzfx.nvim/lua/fzfx/detail/popup/buffer_popup_window.lua:887] INFO: |BufferPopupWindow:preview_file_contents - set_win_title| after-1, used:1531
2024-02-04 18:01:53,332622 [@/Users/rlin/github/linrongbin16/fzfx.nvim/lua/fzfx/detail/general.lua:1193] INFO: |general.query_fzf_status| before-2 
2024-02-04 18:01:53,332987 [@/Users/rlin/github/linrongbin16/fzfx.nvim/lua/fzfx/detail/general.lua:1197] INFO: |general.query_fzf_status| after-2, used:342
2024-02-04 18:01:53,333659 [@/Users/rlin/github/linrongbin16/fzfx.nvim/lua/fzfx/detail/popup/buffer_popup_window.lua:922] INFO: |BufferPopupWindow:preview_file_contents - set_buf_lines| before-1
2024-02-04 18:01:53,334779 [@/Users/rlin/github/linrongbin16/fzfx.nvim/lua/fzfx/detail/popup/buffer_popup_window.lua:960] INFO: |BufferPopupWindow:preview_file_contents - set_buf_lines| after-1, used:1114
2024-02-04 18:01:53,348349 [@/Users/rlin/github/linrongbin16/fzfx.nvim/lua/fzfx/detail/popup/buffer_popup_window.lua:922] INFO: |BufferPopupWindow:preview_file_contents - set_buf_lines| before-1
2024-02-04 18:01:53,348820 [@/Users/rlin/github/linrongbin16/fzfx.nvim/lua/fzfx/detail/popup/buffer_popup_window.lua:960] INFO: |BufferPopupWindow:preview_file_contents - set_buf_lines| after-1, used:475
2024-02-04 18:01:53,352257 [@/Users/rlin/github/linrongbin16/fzfx.nvim/lua/fzfx/detail/popup/buffer_popup_window.lua:922] INFO: |BufferPopupWindow:preview_file_contents - set_buf_lines| before-1
2024-02-04 18:01:53,352587 [@/Users/rlin/github/linrongbin16/fzfx.nvim/lua/fzfx/detail/popup/buffer_popup_window.lua:960] INFO: |BufferPopupWindow:preview_file_contents - set_buf_lines| after-1, used:340
2024-02-04 18:01:53,355351 [@/Users/rlin/github/linrongbin16/fzfx.nvim/lua/fzfx/detail/popup/buffer_popup_window.lua:922] INFO: |BufferPopupWindow:preview_file_contents - set_buf_lines| before-1
2024-02-04 18:01:53,355712 [@/Users/rlin/github/linrongbin16/fzfx.nvim/lua/fzfx/detail/popup/buffer_popup_window.lua:960] INFO: |BufferPopupWindow:preview_file_contents - set_buf_lines| after-1, used:364
2024-02-04 18:01:53,359073 [@/Users/rlin/github/linrongbin16/fzfx.nvim/lua/fzfx/detail/popup/buffer_popup_window.lua:922] INFO: |BufferPopupWindow:preview_file_contents - set_buf_lines| before-1
2024-02-04 18:01:53,359851 [@/Users/rlin/github/linrongbin16/fzfx.nvim/lua/fzfx/detail/popup/buffer_popup_window.lua:960] INFO: |BufferPopupWindow:preview_file_contents - set_buf_lines| after-1, used:772
2024-02-04 18:01:53,365116 [@/Users/rlin/github/linrongbin16/fzfx.nvim/lua/fzfx/detail/popup/buffer_popup_window.lua:922] INFO: |BufferPopupWindow:preview_file_contents - set_buf_lines| before-1
2024-02-04 18:01:53,365974 [@/Users/rlin/github/linrongbin16/fzfx.nvim/lua/fzfx/detail/popup/buffer_popup_window.lua:960] INFO: |BufferPopupWindow:preview_file_contents - set_buf_lines| after-1, used:861
2024-02-04 18:01:53,370177 [@/Users/rlin/github/linrongbin16/fzfx.nvim/lua/fzfx/detail/popup/buffer_popup_window.lua:922] INFO: |BufferPopupWindow:preview_file_contents - set_buf_lines| before-1
2024-02-04 18:01:53,370885 [@/Users/rlin/github/linrongbin16/fzfx.nvim/lua/fzfx/detail/popup/buffer_popup_window.lua:960] INFO: |BufferPopupWindow:preview_file_contents - set_buf_lines| after-1, used:715
2024-02-04 18:01:53,384156 [@/Users/rlin/github/linrongbin16/fzfx.nvim/lua/fzfx/detail/popup/buffer_popup_window.lua:922] INFO: |BufferPopupWindow:preview_file_contents - set_buf_lines| before-1
2024-02-04 18:01:53,385145 [@/Users/rlin/github/linrongbin16/fzfx.nvim/lua/fzfx/detail/popup/buffer_popup_window.lua:960] INFO: |BufferPopupWindow:preview_file_contents - set_buf_lines| after-1, used:996
2024-02-04 18:01:53,390374 [@/Users/rlin/github/linrongbin16/fzfx.nvim/lua/fzfx/detail/popup/buffer_popup_window.lua:922] INFO: |BufferPopupWindow:preview_file_contents - set_buf_lines| before-1
2024-02-04 18:01:53,391396 [@/Users/rlin/github/linrongbin16/fzfx.nvim/lua/fzfx/detail/popup/buffer_popup_window.lua:960] INFO: |BufferPopupWindow:preview_file_contents - set_buf_lines| after-1, used:1027
2024-02-04 18:01:53,398604 [@/Users/rlin/github/linrongbin16/fzfx.nvim/lua/fzfx/detail/popup/buffer_popup_window.lua:922] INFO: |BufferPopupWindow:preview_file_contents - set_buf_lines| before-1
2024-02-04 18:01:53,399762 [@/Users/rlin/github/linrongbin16/fzfx.nvim/lua/fzfx/detail/popup/buffer_popup_window.lua:960] INFO: |BufferPopupWindow:preview_file_contents - set_buf_lines| after-1, used:1083
2024-02-04 18:01:53,406789 [@/Users/rlin/github/linrongbin16/fzfx.nvim/lua/fzfx/detail/popup/buffer_popup_window.lua:922] INFO: |BufferPopupWindow:preview_file_contents - set_buf_lines| before-1
2024-02-04 18:01:53,408991 [@/Users/rlin/github/linrongbin16/fzfx.nvim/lua/fzfx/detail/popup/buffer_popup_window.lua:960] INFO: |BufferPopupWindow:preview_file_contents - set_buf_lines| after-1, used:2202
2024-02-04 18:01:53,409419 [@/Users/rlin/github/linrongbin16/fzfx.nvim/lua/fzfx/detail/popup/buffer_popup_window.lua:922] INFO: |BufferPopupWindow:preview_file_contents - set_buf_lines| before-1
2024-02-04 18:01:53,410027 [@/Users/rlin/github/linrongbin16/fzfx.nvim/lua/fzfx/detail/popup/buffer_popup_window.lua:960] INFO: |BufferPopupWindow:preview_file_contents - set_buf_lines| after-1, used:606
2024-02-04 18:01:53,415593 [@/Users/rlin/github/linrongbin16/fzfx.nvim/lua/fzfx/detail/popup/buffer_popup_window.lua:922] INFO: |BufferPopupWindow:preview_file_contents - set_buf_lines| before-1
2024-02-04 18:01:53,416198 [@/Users/rlin/github/linrongbin16/fzfx.nvim/lua/fzfx/detail/popup/buffer_popup_window.lua:960] INFO: |BufferPopupWindow:preview_file_contents - set_buf_lines| after-1, used:611
2024-02-04 18:01:53,422139 [@/Users/rlin/github/linrongbin16/fzfx.nvim/lua/fzfx/detail/popup/buffer_popup_window.lua:922] INFO: |BufferPopupWindow:preview_file_contents - set_buf_lines| before-1
2024-02-04 18:01:53,422716 [@/Users/rlin/github/linrongbin16/fzfx.nvim/lua/fzfx/detail/popup/buffer_popup_window.lua:960] INFO: |BufferPopupWindow:preview_file_contents - set_buf_lines| after-1, used:579
2024-02-04 18:01:53,430412 [@/Users/rlin/github/linrongbin16/fzfx.nvim/lua/fzfx/detail/popup/buffer_popup_window.lua:922] INFO: |BufferPopupWindow:preview_file_contents - set_buf_lines| before-1
2024-02-04 18:01:53,431316 [@/Users/rlin/github/linrongbin16/fzfx.nvim/lua/fzfx/detail/popup/buffer_popup_window.lua:960] INFO: |BufferPopupWindow:preview_file_contents - set_buf_lines| after-1, used:915
2024-02-04 18:01:53,454340 [@/Users/rlin/github/linrongbin16/fzfx.nvim/lua/fzfx/detail/general.lua:1193] INFO: |general.query_fzf_status| before-2 
2024-02-04 18:01:53,454543 [@/Users/rlin/github/linrongbin16/fzfx.nvim/lua/fzfx/detail/general.lua:1197] INFO: |general.query_fzf_status| after-2, used:217
2024-02-04 18:01:53,454685 [@/Users/rlin/github/linrongbin16/fzfx.nvim/lua/fzfx/detail/popup/buffer_popup_window.lua:922] INFO: |BufferPopupWindow:preview_file_contents - set_buf_lines| before-1
2024-02-04 18:01:53,455329 [@/Users/rlin/github/linrongbin16/fzfx.nvim/lua/fzfx/detail/popup/buffer_popup_window.lua:960] INFO: |BufferPopupWindow:preview_file_contents - set_buf_lines| after-1, used:634
2024-02-04 18:01:53,464856 [@/Users/rlin/github/linrongbin16/fzfx.nvim/lua/fzfx/detail/popup/buffer_popup_window.lua:922] INFO: |BufferPopupWindow:preview_file_contents - set_buf_lines| before-1
2024-02-04 18:01:53,465606 [@/Users/rlin/github/linrongbin16/fzfx.nvim/lua/fzfx/detail/popup/buffer_popup_window.lua:960] INFO: |BufferPopupWindow:preview_file_contents - set_buf_lines| after-1, used:793
2024-02-04 18:01:53,471472 [@/Users/rlin/github/linrongbin16/fzfx.nvim/lua/fzfx/detail/popup/buffer_popup_window.lua:922] INFO: |BufferPopupWindow:preview_file_contents - set_buf_lines| before-1
2024-02-04 18:01:53,472086 [@/Users/rlin/github/linrongbin16/fzfx.nvim/lua/fzfx/detail/popup/buffer_popup_window.lua:960] INFO: |BufferPopupWindow:preview_file_contents - set_buf_lines| after-1, used:633
2024-02-04 18:01:53,479662 [@/Users/rlin/github/linrongbin16/fzfx.nvim/lua/fzfx/detail/popup/buffer_popup_window.lua:922] INFO: |BufferPopupWindow:preview_file_contents - set_buf_lines| before-1
2024-02-04 18:01:53,480310 [@/Users/rlin/github/linrongbin16/fzfx.nvim/lua/fzfx/detail/popup/buffer_popup_window.lua:960] INFO: |BufferPopupWindow:preview_file_contents - set_buf_lines| after-1, used:657
2024-02-04 18:01:53,487044 [@/Users/rlin/github/linrongbin16/fzfx.nvim/lua/fzfx/detail/popup/buffer_popup_window.lua:922] INFO: |BufferPopupWindow:preview_file_contents - set_buf_lines| before-1
2024-02-04 18:01:53,487911 [@/Users/rlin/github/linrongbin16/fzfx.nvim/lua/fzfx/detail/popup/buffer_popup_window.lua:960] INFO: |BufferPopupWindow:preview_file_contents - set_buf_lines| after-1, used:875
2024-02-04 18:01:53,496276 [@/Users/rlin/github/linrongbin16/fzfx.nvim/lua/fzfx/detail/popup/buffer_popup_window.lua:922] INFO: |BufferPopupWindow:preview_file_contents - set_buf_lines| before-1
2024-02-04 18:01:53,497009 [@/Users/rlin/github/linrongbin16/fzfx.nvim/lua/fzfx/detail/popup/buffer_popup_window.lua:960] INFO: |BufferPopupWindow:preview_file_contents - set_buf_lines| after-1, used:732
2024-02-04 18:01:53,573542 [@/Users/rlin/github/linrongbin16/fzfx.nvim/lua/fzfx/detail/general.lua:1193] INFO: |general.query_fzf_status| before-2 
2024-02-04 18:01:53,574177 [@/Users/rlin/github/linrongbin16/fzfx.nvim/lua/fzfx/detail/general.lua:1197] INFO: |general.query_fzf_status| after-2, used:652
2024-02-04 18:02:05,572767 [@/Users/rlin/github/linrongbin16/fzfx.nvim/lua/fzfx/detail/general.lua:1193] INFO: |general.query_fzf_status| before-2 
2024-02-04 18:02:05,577552 [@/Users/rlin/github/linrongbin16/fzfx.nvim/lua/fzfx/detail/general.lua:1197] INFO: |general.query_fzf_status| after-2, used:4785
2024-02-04 18:02:05,689333 [@/Users/rlin/github/linrongbin16/fzfx.nvim/lua/fzfx/detail/general.lua:1193] INFO: |general.query_fzf_status| before-2 
2024-02-04 18:02:05,690393 [@/Users/rlin/github/linrongbin16/fzfx.nvim/lua/fzfx/detail/general.lua:1197] INFO: |general.query_fzf_status| after-2, used:1034
2024-02-04 18:02:05,805585 [@/Users/rlin/github/linrongbin16/fzfx.nvim/lua/fzfx/detail/general.lua:1193] INFO: |general.query_fzf_status| before-2 
2024-02-04 18:02:05,806650 [@/Users/rlin/github/linrongbin16/fzfx.nvim/lua/fzfx/detail/general.lua:1197] INFO: |general.query_fzf_status| after-2, used:1031
2024-02-04 18:02:05,807813 [@/Users/rlin/github/linrongbin16/fzfx.nvim/lua/fzfx/detail/general.lua:1215] INFO: |general.query_fzf_status| before-1
2024-02-04 18:02:05,808437 [@/Users/rlin/github/linrongbin16/fzfx.nvim/lua/fzfx/detail/popup/buffer_popup_window.lua:655] INFO: |BufferPopupWindow:preview_file| before-1
2024-02-04 18:02:05,818067 [@/Users/rlin/github/linrongbin16/fzfx.nvim/lua/fzfx/detail/popup/buffer_popup_window.lua:769] INFO: |BufferPopupWindow:preview_file| after-1, used:9611
2024-02-04 18:02:05,818669 [@/Users/rlin/github/linrongbin16/fzfx.nvim/lua/fzfx/detail/general.lua:1291] INFO: |general.query_fzf_status| after-1, used:10787
2024-02-04 18:02:05,869282 [@/Users/rlin/github/linrongbin16/fzfx.nvim/lua/fzfx/detail/popup/buffer_popup_window.lua:784] INFO: |BufferPopupWindow:preview_file_contents| before-1
2024-02-04 18:02:05,912123 [@/Users/rlin/github/linrongbin16/fzfx.nvim/lua/fzfx/detail/popup/buffer_popup_window.lua:808] INFO: |BufferPopupWindow:preview_file_contents| after-1, used:43096
2024-02-04 18:02:05,918836 [@/Users/rlin/github/linrongbin16/fzfx.nvim/lua/fzfx/detail/popup/buffer_popup_window.lua:836] INFO: |BufferPopupWindow:preview_file_contents| before-2
2024-02-04 18:02:05,920035 [@/Users/rlin/github/linrongbin16/fzfx.nvim/lua/fzfx/detail/popup/buffer_popup_window.lua:969] INFO: |BufferPopupWindow:preview_file_contents| after-2, used:1.7070409259199e+15
2024-02-04 18:02:05,927663 [@/Users/rlin/github/linrongbin16/fzfx.nvim/lua/fzfx/detail/general.lua:1193] INFO: |general.query_fzf_status| before-2 
2024-02-04 18:02:05,928292 [@/Users/rlin/github/linrongbin16/fzfx.nvim/lua/fzfx/detail/general.lua:1197] INFO: |general.query_fzf_status| after-2, used:668
2024-02-04 18:02:05,928723 [@/Users/rlin/github/linrongbin16/fzfx.nvim/lua/fzfx/detail/popup/buffer_popup_window.lua:922] INFO: |BufferPopupWindow:preview_file_contents - set_buf_lines| before-1
2024-02-04 18:02:05,928940 [@/Users/rlin/github/linrongbin16/fzfx.nvim/lua/fzfx/detail/popup/buffer_popup_window.lua:960] INFO: |BufferPopupWindow:preview_file_contents - set_buf_lines| after-1, used:282
2024-02-04 18:02:05,935244 [@/Users/rlin/github/linrongbin16/fzfx.nvim/lua/fzfx/detail/popup/buffer_popup_window.lua:922] INFO: |BufferPopupWindow:preview_file_contents - set_buf_lines| before-1
2024-02-04 18:02:05,935558 [@/Users/rlin/github/linrongbin16/fzfx.nvim/lua/fzfx/detail/popup/buffer_popup_window.lua:960] INFO: |BufferPopupWindow:preview_file_contents - set_buf_lines| after-1, used:303
2024-02-04 18:02:05,938389 [@/Users/rlin/github/linrongbin16/fzfx.nvim/lua/fzfx/detail/popup/buffer_popup_window.lua:922] INFO: |BufferPopupWindow:preview_file_contents - set_buf_lines| before-1
2024-02-04 18:02:05,939794 [@/Users/rlin/github/linrongbin16/fzfx.nvim/lua/fzfx/detail/popup/buffer_popup_window.lua:960] INFO: |BufferPopupWindow:preview_file_contents - set_buf_lines| after-1, used:1263
2024-02-04 18:02:05,943594 [@/Users/rlin/github/linrongbin16/fzfx.nvim/lua/fzfx/detail/popup/buffer_popup_window.lua:922] INFO: |BufferPopupWindow:preview_file_contents - set_buf_lines| before-1
2024-02-04 18:02:05,944837 [@/Users/rlin/github/linrongbin16/fzfx.nvim/lua/fzfx/detail/popup/buffer_popup_window.lua:960] INFO: |BufferPopupWindow:preview_file_contents - set_buf_lines| after-1, used:1227
2024-02-04 18:02:05,945198 [@/Users/rlin/github/linrongbin16/fzfx.nvim/lua/fzfx/detail/popup/buffer_popup_window.lua:873] INFO: |BufferPopupWindow:preview_file_contents - set_win_title| before-1
2024-02-04 18:02:05,945543 [@/Users/rlin/github/linrongbin16/fzfx.nvim/lua/fzfx/detail/popup/buffer_popup_window.lua:887] INFO: |BufferPopupWindow:preview_file_contents - set_win_title| after-1, used:359
2024-02-04 18:02:05,953140 [@/Users/rlin/github/linrongbin16/fzfx.nvim/lua/fzfx/detail/popup/buffer_popup_window.lua:922] INFO: |BufferPopupWindow:preview_file_contents - set_buf_lines| before-1
2024-02-04 18:02:05,953955 [@/Users/rlin/github/linrongbin16/fzfx.nvim/lua/fzfx/detail/popup/buffer_popup_window.lua:960] INFO: |BufferPopupWindow:preview_file_contents - set_buf_lines| after-1, used:799
2024-02-04 18:02:05,963021 [@/Users/rlin/github/linrongbin16/fzfx.nvim/lua/fzfx/detail/popup/buffer_popup_window.lua:922] INFO: |BufferPopupWindow:preview_file_contents - set_buf_lines| before-1
2024-02-04 18:02:05,964087 [@/Users/rlin/github/linrongbin16/fzfx.nvim/lua/fzfx/detail/popup/buffer_popup_window.lua:960] INFO: |BufferPopupWindow:preview_file_contents - set_buf_lines| after-1, used:1044
2024-02-04 18:02:05,969856 [@/Users/rlin/github/linrongbin16/fzfx.nvim/lua/fzfx/detail/popup/buffer_popup_window.lua:922] INFO: |BufferPopupWindow:preview_file_contents - set_buf_lines| before-1
2024-02-04 18:02:05,970136 [@/Users/rlin/github/linrongbin16/fzfx.nvim/lua/fzfx/detail/popup/buffer_popup_window.lua:960] INFO: |BufferPopupWindow:preview_file_contents - set_buf_lines| after-1, used:318
2024-02-04 18:02:05,976202 [@/Users/rlin/github/linrongbin16/fzfx.nvim/lua/fzfx/detail/popup/buffer_popup_window.lua:922] INFO: |BufferPopupWindow:preview_file_contents - set_buf_lines| before-1
2024-02-04 18:02:05,978071 [@/Users/rlin/github/linrongbin16/fzfx.nvim/lua/fzfx/detail/popup/buffer_popup_window.lua:960] INFO: |BufferPopupWindow:preview_file_contents - set_buf_lines| after-1, used:1869
2024-02-04 18:02:05,987300 [@/Users/rlin/github/linrongbin16/fzfx.nvim/lua/fzfx/detail/popup/buffer_popup_window.lua:922] INFO: |BufferPopupWindow:preview_file_contents - set_buf_lines| before-1
2024-02-04 18:02:05,987581 [@/Users/rlin/github/linrongbin16/fzfx.nvim/lua/fzfx/detail/popup/buffer_popup_window.lua:960] INFO: |BufferPopupWindow:preview_file_contents - set_buf_lines| after-1, used:291
2024-02-04 18:02:05,998179 [@/Users/rlin/github/linrongbin16/fzfx.nvim/lua/fzfx/detail/popup/buffer_popup_window.lua:922] INFO: |BufferPopupWindow:preview_file_contents - set_buf_lines| before-1
2024-02-04 18:02:05,998537 [@/Users/rlin/github/linrongbin16/fzfx.nvim/lua/fzfx/detail/popup/buffer_popup_window.lua:960] INFO: |BufferPopupWindow:preview_file_contents - set_buf_lines| after-1, used:368
2024-02-04 18:02:06,013120 [@/Users/rlin/github/linrongbin16/fzfx.nvim/lua/fzfx/detail/popup/buffer_popup_window.lua:922] INFO: |BufferPopupWindow:preview_file_contents - set_buf_lines| before-1
2024-02-04 18:02:06,016566 [@/Users/rlin/github/linrongbin16/fzfx.nvim/lua/fzfx/detail/popup/buffer_popup_window.lua:960] INFO: |BufferPopupWindow:preview_file_contents - set_buf_lines| after-1, used:3458
2024-02-04 18:02:06,016977 [@/Users/rlin/github/linrongbin16/fzfx.nvim/lua/fzfx/detail/popup/buffer_popup_window.lua:922] INFO: |BufferPopupWindow:preview_file_contents - set_buf_lines| before-1
2024-02-04 18:02:06,017433 [@/Users/rlin/github/linrongbin16/fzfx.nvim/lua/fzfx/detail/popup/buffer_popup_window.lua:960] INFO: |BufferPopupWindow:preview_file_contents - set_buf_lines| after-1, used:462
2024-02-04 18:02:06,035983 [@/Users/rlin/github/linrongbin16/fzfx.nvim/lua/fzfx/detail/popup/buffer_popup_window.lua:922] INFO: |BufferPopupWindow:preview_file_contents - set_buf_lines| before-1
2024-02-04 18:02:06,036653 [@/Users/rlin/github/linrongbin16/fzfx.nvim/lua/fzfx/detail/popup/buffer_popup_window.lua:960] INFO: |BufferPopupWindow:preview_file_contents - set_buf_lines| after-1, used:685
2024-02-04 18:02:06,052072 [@/Users/rlin/github/linrongbin16/fzfx.nvim/lua/fzfx/detail/popup/buffer_popup_window.lua:922] INFO: |BufferPopupWindow:preview_file_contents - set_buf_lines| before-1
2024-02-04 18:02:06,053752 [@/Users/rlin/github/linrongbin16/fzfx.nvim/lua/fzfx/detail/popup/buffer_popup_window.lua:960] INFO: |BufferPopupWindow:preview_file_contents - set_buf_lines| after-1, used:1693
2024-02-04 18:02:06,054544 [@/Users/rlin/github/linrongbin16/fzfx.nvim/lua/fzfx/detail/popup/buffer_popup_window.lua:922] INFO: |BufferPopupWindow:preview_file_contents - set_buf_lines| before-1
2024-02-04 18:02:06,054816 [@/Users/rlin/github/linrongbin16/fzfx.nvim/lua/fzfx/detail/popup/buffer_popup_window.lua:960] INFO: |BufferPopupWindow:preview_file_contents - set_buf_lines| after-1, used:271
2024-02-04 18:02:06,087096 [@/Users/rlin/github/linrongbin16/fzfx.nvim/lua/fzfx/detail/general.lua:1193] INFO: |general.query_fzf_status| before-2 
2024-02-04 18:02:06,087563 [@/Users/rlin/github/linrongbin16/fzfx.nvim/lua/fzfx/detail/general.lua:1197] INFO: |general.query_fzf_status| after-2, used:474
2024-02-04 18:02:06,087710 [@/Users/rlin/github/linrongbin16/fzfx.nvim/lua/fzfx/detail/popup/buffer_popup_window.lua:922] INFO: |BufferPopupWindow:preview_file_contents - set_buf_lines| before-1
2024-02-04 18:02:06,088030 [@/Users/rlin/github/linrongbin16/fzfx.nvim/lua/fzfx/detail/popup/buffer_popup_window.lua:960] INFO: |BufferPopupWindow:preview_file_contents - set_buf_lines| after-1, used:318
2024-02-04 18:02:06,120391 [@/Users/rlin/github/linrongbin16/fzfx.nvim/lua/fzfx/detail/popup/buffer_popup_window.lua:922] INFO: |BufferPopupWindow:preview_file_contents - set_buf_lines| before-1
2024-02-04 18:02:06,121238 [@/Users/rlin/github/linrongbin16/fzfx.nvim/lua/fzfx/detail/popup/buffer_popup_window.lua:960] INFO: |BufferPopupWindow:preview_file_contents - set_buf_lines| after-1, used:870
2024-02-04 18:02:06,159168 [@/Users/rlin/github/linrongbin16/fzfx.nvim/lua/fzfx/detail/popup/buffer_popup_window.lua:922] INFO: |BufferPopupWindow:preview_file_contents - set_buf_lines| before-1
2024-02-04 18:02:06,160066 [@/Users/rlin/github/linrongbin16/fzfx.nvim/lua/fzfx/detail/popup/buffer_popup_window.lua:960] INFO: |BufferPopupWindow:preview_file_contents - set_buf_lines| after-1, used:902
2024-02-04 18:02:06,205260 [@/Users/rlin/github/linrongbin16/fzfx.nvim/lua/fzfx/detail/popup/buffer_popup_window.lua:922] INFO: |BufferPopupWindow:preview_file_contents - set_buf_lines| before-1
2024-02-04 18:02:06,206042 [@/Users/rlin/github/linrongbin16/fzfx.nvim/lua/fzfx/detail/popup/buffer_popup_window.lua:960] INFO: |BufferPopupWindow:preview_file_contents - set_buf_lines| after-1, used:789
2024-02-04 18:02:06,291939 [@/Users/rlin/github/linrongbin16/fzfx.nvim/lua/fzfx/detail/general.lua:1193] INFO: |general.query_fzf_status| before-2 
2024-02-04 18:02:06,295214 [@/Users/rlin/github/linrongbin16/fzfx.nvim/lua/fzfx/detail/general.lua:1197] INFO: |general.query_fzf_status| after-2, used:3292
2024-02-04 18:02:06,296787 [@/Users/rlin/github/linrongbin16/fzfx.nvim/lua/fzfx/detail/general.lua:1215] INFO: |general.query_fzf_status| before-1
2024-02-04 18:02:06,297120 [@/Users/rlin/github/linrongbin16/fzfx.nvim/lua/fzfx/detail/popup/buffer_popup_window.lua:655] INFO: |BufferPopupWindow:preview_file| before-1
2024-02-04 18:02:06,297326 [@/Users/rlin/github/linrongbin16/fzfx.nvim/lua/fzfx/detail/popup/buffer_popup_window.lua:769] INFO: |BufferPopupWindow:preview_file| after-1, used:212
2024-02-04 18:02:06,297433 [@/Users/rlin/github/linrongbin16/fzfx.nvim/lua/fzfx/detail/general.lua:1291] INFO: |general.query_fzf_status| after-1, used:665
2024-02-04 18:02:06,354973 [@/Users/rlin/github/linrongbin16/fzfx.nvim/lua/fzfx/detail/popup/buffer_popup_window.lua:784] INFO: |BufferPopupWindow:preview_file_contents| before-1
2024-02-04 18:02:07,039603 [@/Users/rlin/github/linrongbin16/fzfx.nvim/lua/fzfx/detail/popup/buffer_popup_window.lua:808] INFO: |BufferPopupWindow:preview_file_contents| after-1, used:684631
2024-02-04 18:02:07,073251 [@/Users/rlin/github/linrongbin16/fzfx.nvim/lua/fzfx/detail/popup/buffer_popup_window.lua:836] INFO: |BufferPopupWindow:preview_file_contents| before-2
2024-02-04 18:02:07,078135 [@/Users/rlin/github/linrongbin16/fzfx.nvim/lua/fzfx/detail/popup/buffer_popup_window.lua:969] INFO: |BufferPopupWindow:preview_file_contents| after-2, used:1.7070409270781e+15
2024-02-04 18:02:07,079141 [@/Users/rlin/github/linrongbin16/fzfx.nvim/lua/fzfx/detail/general.lua:1193] INFO: |general.query_fzf_status| before-2 
2024-02-04 18:02:07,080007 [@/Users/rlin/github/linrongbin16/fzfx.nvim/lua/fzfx/detail/general.lua:1197] INFO: |general.query_fzf_status| after-2, used:862
2024-02-04 18:02:07,080165 [@/Users/rlin/github/linrongbin16/fzfx.nvim/lua/fzfx/detail/general.lua:1215] INFO: |general.query_fzf_status| before-1
2024-02-04 18:02:07,080795 [@/Users/rlin/github/linrongbin16/fzfx.nvim/lua/fzfx/detail/popup/buffer_popup_window.lua:655] INFO: |BufferPopupWindow:preview_file| before-1
2024-02-04 18:02:07,083025 [@/Users/rlin/github/linrongbin16/fzfx.nvim/lua/fzfx/detail/popup/buffer_popup_window.lua:769] INFO: |BufferPopupWindow:preview_file| after-1, used:2228
2024-02-04 18:02:07,084899 [@/Users/rlin/github/linrongbin16/fzfx.nvim/lua/fzfx/detail/general.lua:1291] INFO: |general.query_fzf_status| after-1, used:4731
2024-02-04 18:02:07,141207 [@/Users/rlin/github/linrongbin16/fzfx.nvim/lua/fzfx/detail/popup/buffer_popup_window.lua:784] INFO: |BufferPopupWindow:preview_file_contents| before-1
2024-02-04 18:02:07,177697 [@/Users/rlin/github/linrongbin16/fzfx.nvim/lua/fzfx/detail/popup/buffer_popup_window.lua:808] INFO: |BufferPopupWindow:preview_file_contents| after-1, used:36499
2024-02-04 18:02:07,185841 [@/Users/rlin/github/linrongbin16/fzfx.nvim/lua/fzfx/detail/popup/buffer_popup_window.lua:836] INFO: |BufferPopupWindow:preview_file_contents| before-2
2024-02-04 18:02:07,186136 [@/Users/rlin/github/linrongbin16/fzfx.nvim/lua/fzfx/detail/popup/buffer_popup_window.lua:969] INFO: |BufferPopupWindow:preview_file_contents| after-2, used:1.7070409271861e+15
2024-02-04 18:02:07,216627 [@/Users/rlin/github/linrongbin16/fzfx.nvim/lua/fzfx/detail/popup/buffer_popup_window.lua:922] INFO: |BufferPopupWindow:preview_file_contents - set_buf_lines| before-1
2024-02-04 18:02:07,219576 [@/Users/rlin/github/linrongbin16/fzfx.nvim/lua/fzfx/detail/popup/buffer_popup_window.lua:960] INFO: |BufferPopupWindow:preview_file_contents - set_buf_lines| after-1, used:2961
2024-02-04 18:02:07,219905 [@/Users/rlin/github/linrongbin16/fzfx.nvim/lua/fzfx/detail/popup/buffer_popup_window.lua:922] INFO: |BufferPopupWindow:preview_file_contents - set_buf_lines| before-1
2024-02-04 18:02:07,221902 [@/Users/rlin/github/linrongbin16/fzfx.nvim/lua/fzfx/detail/popup/buffer_popup_window.lua:960] INFO: |BufferPopupWindow:preview_file_contents - set_buf_lines| after-1, used:1986
2024-02-04 18:02:07,222960 [@/Users/rlin/github/linrongbin16/fzfx.nvim/lua/fzfx/detail/popup/buffer_popup_window.lua:922] INFO: |BufferPopupWindow:preview_file_contents - set_buf_lines| before-1
2024-02-04 18:02:07,229650 [@/Users/rlin/github/linrongbin16/fzfx.nvim/lua/fzfx/detail/popup/buffer_popup_window.lua:960] INFO: |BufferPopupWindow:preview_file_contents - set_buf_lines| after-1, used:6668
2024-02-04 18:02:07,230013 [@/Users/rlin/github/linrongbin16/fzfx.nvim/lua/fzfx/detail/general.lua:1193] INFO: |general.query_fzf_status| before-2 
2024-02-04 18:02:07,231522 [@/Users/rlin/github/linrongbin16/fzfx.nvim/lua/fzfx/detail/general.lua:1197] INFO: |general.query_fzf_status| after-2, used:1512
2024-02-04 18:02:07,232058 [@/Users/rlin/github/linrongbin16/fzfx.nvim/lua/fzfx/detail/general.lua:1215] INFO: |general.query_fzf_status| before-1
2024-02-04 18:02:07,232407 [@/Users/rlin/github/linrongbin16/fzfx.nvim/lua/fzfx/detail/popup/buffer_popup_window.lua:655] INFO: |BufferPopupWindow:preview_file| before-1
2024-02-04 18:02:07,232646 [@/Users/rlin/github/linrongbin16/fzfx.nvim/lua/fzfx/detail/popup/buffer_popup_window.lua:769] INFO: |BufferPopupWindow:preview_file| after-1, used:243
2024-02-04 18:02:07,233267 [@/Users/rlin/github/linrongbin16/fzfx.nvim/lua/fzfx/detail/general.lua:1291] INFO: |general.query_fzf_status| after-1, used:1207
2024-02-04 18:02:09,231185 [@/Users/rlin/github/linrongbin16/fzfx.nvim/lua/fzfx/detail/general.lua:1193] INFO: |general.query_fzf_status| before-2 
2024-02-04 18:02:09,232668 [@/Users/rlin/github/linrongbin16/fzfx.nvim/lua/fzfx/detail/general.lua:1197] INFO: |general.query_fzf_status| after-2, used:1534
2024-02-04 18:02:09,234123 [@/Users/rlin/github/linrongbin16/fzfx.nvim/lua/fzfx/detail/general.lua:1215] INFO: |general.query_fzf_status| before-1
2024-02-04 18:02:09,235485 [@/Users/rlin/github/linrongbin16/fzfx.nvim/lua/fzfx/detail/popup/buffer_popup_window.lua:655] INFO: |BufferPopupWindow:preview_file| before-1
2024-02-04 18:02:09,236087 [@/Users/rlin/github/linrongbin16/fzfx.nvim/lua/fzfx/detail/popup/buffer_popup_window.lua:769] INFO: |BufferPopupWindow:preview_file| after-1, used:596
2024-02-04 18:02:09,237104 [@/Users/rlin/github/linrongbin16/fzfx.nvim/lua/fzfx/detail/general.lua:1291] INFO: |general.query_fzf_status| after-1, used:3019
2024-02-04 18:02:09,291550 [@/Users/rlin/github/linrongbin16/fzfx.nvim/lua/fzfx/detail/popup/buffer_popup_window.lua:784] INFO: |BufferPopupWindow:preview_file_contents| before-1
2024-02-04 18:02:09,310171 [@/Users/rlin/github/linrongbin16/fzfx.nvim/lua/fzfx/detail/popup/buffer_popup_window.lua:808] INFO: |BufferPopupWindow:preview_file_contents| after-1, used:18689
2024-02-04 18:02:09,311537 [@/Users/rlin/github/linrongbin16/fzfx.nvim/lua/fzfx/detail/popup/buffer_popup_window.lua:836] INFO: |BufferPopupWindow:preview_file_contents| before-2
2024-02-04 18:02:09,311968 [@/Users/rlin/github/linrongbin16/fzfx.nvim/lua/fzfx/detail/popup/buffer_popup_window.lua:969] INFO: |BufferPopupWindow:preview_file_contents| after-2, used:1.7070409293119e+15
2024-02-04 18:02:09,317069 [@/Users/rlin/github/linrongbin16/fzfx.nvim/lua/fzfx/detail/popup/buffer_popup_window.lua:922] INFO: |BufferPopupWindow:preview_file_contents - set_buf_lines| before-1
2024-02-04 18:02:09,318384 [@/Users/rlin/github/linrongbin16/fzfx.nvim/lua/fzfx/detail/popup/buffer_popup_window.lua:960] INFO: |BufferPopupWindow:preview_file_contents - set_buf_lines| after-1, used:1268
2024-02-04 18:02:11,090791 [@/Users/rlin/github/linrongbin16/fzfx.nvim/lua/fzfx/detail/popup/buffer_popup_window.lua:922] INFO: |BufferPopupWindow:preview_file_contents - set_buf_lines| before-1
2024-02-04 18:02:11,091937 [@/Users/rlin/github/linrongbin16/fzfx.nvim/lua/fzfx/detail/popup/buffer_popup_window.lua:960] INFO: |BufferPopupWindow:preview_file_contents - set_buf_lines| after-1, used:1191
2024-02-04 18:02:11,119414 [@/Users/rlin/github/linrongbin16/fzfx.nvim/lua/fzfx/detail/popup/buffer_popup_window.lua:922] INFO: |BufferPopupWindow:preview_file_contents - set_buf_lines| before-1
2024-02-04 18:02:11,122966 [@/Users/rlin/github/linrongbin16/fzfx.nvim/lua/fzfx/detail/popup/buffer_popup_window.lua:960] INFO: |BufferPopupWindow:preview_file_contents - set_buf_lines| after-1, used:3537
2024-02-04 18:02:11,129941 [@/Users/rlin/github/linrongbin16/fzfx.nvim/lua/fzfx/detail/popup/buffer_popup_window.lua:922] INFO: |BufferPopupWindow:preview_file_contents - set_buf_lines| before-1
2024-02-04 18:02:11,132669 [@/Users/rlin/github/linrongbin16/fzfx.nvim/lua/fzfx/detail/popup/buffer_popup_window.lua:960] INFO: |BufferPopupWindow:preview_file_contents - set_buf_lines| after-1, used:2689
2024-02-04 18:02:11,133096 [@/Users/rlin/github/linrongbin16/fzfx.nvim/lua/fzfx/detail/popup/buffer_popup_window.lua:873] INFO: |BufferPopupWindow:preview_file_contents - set_win_title| before-1
2024-02-04 18:02:11,133802 [@/Users/rlin/github/linrongbin16/fzfx.nvim/lua/fzfx/detail/popup/buffer_popup_window.lua:887] INFO: |BufferPopupWindow:preview_file_contents - set_win_title| after-1, used:681
2024-02-04 18:02:11,134203 [@/Users/rlin/github/linrongbin16/fzfx.nvim/lua/fzfx/detail/general.lua:1193] INFO: |general.query_fzf_status| before-2 
2024-02-04 18:02:11,135987 [@/Users/rlin/github/linrongbin16/fzfx.nvim/lua/fzfx/detail/general.lua:1197] INFO: |general.query_fzf_status| after-2, used:1826
2024-02-04 18:02:11,137687 [@/Users/rlin/github/linrongbin16/fzfx.nvim/lua/fzfx/detail/general.lua:1215] INFO: |general.query_fzf_status| before-1
2024-02-04 18:02:11,139135 [@/Users/rlin/github/linrongbin16/fzfx.nvim/lua/fzfx/detail/popup/buffer_popup_window.lua:655] INFO: |BufferPopupWindow:preview_file| before-1
2024-02-04 18:02:11,143785 [@/Users/rlin/github/linrongbin16/fzfx.nvim/lua/fzfx/detail/popup/buffer_popup_window.lua:769] INFO: |BufferPopupWindow:preview_file| after-1, used:4701
2024-02-04 18:02:11,143900 [@/Users/rlin/github/linrongbin16/fzfx.nvim/lua/fzfx/detail/general.lua:1291] INFO: |general.query_fzf_status| after-1, used:6236
2024-02-04 18:02:12,010925 [@/Users/rlin/github/linrongbin16/fzfx.nvim/lua/fzfx/detail/general.lua:1193] INFO: |general.query_fzf_status| before-2 
2024-02-04 18:02:12,011424 [@/Users/rlin/github/linrongbin16/fzfx.nvim/lua/fzfx/detail/general.lua:1197] INFO: |general.query_fzf_status| after-2, used:519
2024-02-04 18:02:12,011588 [@/Users/rlin/github/linrongbin16/fzfx.nvim/lua/fzfx/detail/general.lua:1215] INFO: |general.query_fzf_status| before-1
2024-02-04 18:02:12,011860 [@/Users/rlin/github/linrongbin16/fzfx.nvim/lua/fzfx/detail/popup/buffer_popup_window.lua:655] INFO: |BufferPopupWindow:preview_file| before-1
2024-02-04 18:02:12,012110 [@/Users/rlin/github/linrongbin16/fzfx.nvim/lua/fzfx/detail/popup/buffer_popup_window.lua:769] INFO: |BufferPopupWindow:preview_file| after-1, used:248
2024-02-04 18:02:12,012269 [@/Users/rlin/github/linrongbin16/fzfx.nvim/lua/fzfx/detail/general.lua:1291] INFO: |general.query_fzf_status| after-1, used:674
2024-02-04 18:02:12,072138 [@/Users/rlin/github/linrongbin16/fzfx.nvim/lua/fzfx/detail/popup/buffer_popup_window.lua:784] INFO: |BufferPopupWindow:preview_file_contents| before-1
2024-02-04 18:02:12,155775 [@/Users/rlin/github/linrongbin16/fzfx.nvim/lua/fzfx/detail/popup/buffer_popup_window.lua:808] INFO: |BufferPopupWindow:preview_file_contents| after-1, used:83642
2024-02-04 18:02:12,202083 [@/Users/rlin/github/linrongbin16/fzfx.nvim/lua/fzfx/detail/popup/buffer_popup_window.lua:836] INFO: |BufferPopupWindow:preview_file_contents| before-2
2024-02-04 18:02:12,203118 [@/Users/rlin/github/linrongbin16/fzfx.nvim/lua/fzfx/detail/popup/buffer_popup_window.lua:969] INFO: |BufferPopupWindow:preview_file_contents| after-2, used:1.7070409322031e+15
2024-02-04 18:02:12,212289 [@/Users/rlin/github/linrongbin16/fzfx.nvim/lua/fzfx/detail/general.lua:1193] INFO: |general.query_fzf_status| before-2 
2024-02-04 18:02:12,213355 [@/Users/rlin/github/linrongbin16/fzfx.nvim/lua/fzfx/detail/general.lua:1197] INFO: |general.query_fzf_status| after-2, used:1070
2024-02-04 18:02:12,213579 [@/Users/rlin/github/linrongbin16/fzfx.nvim/lua/fzfx/detail/general.lua:1215] INFO: |general.query_fzf_status| before-1
2024-02-04 18:02:12,214429 [@/Users/rlin/github/linrongbin16/fzfx.nvim/lua/fzfx/detail/popup/buffer_popup_window.lua:655] INFO: |BufferPopupWindow:preview_file| before-1
2024-02-04 18:02:12,214696 [@/Users/rlin/github/linrongbin16/fzfx.nvim/lua/fzfx/detail/popup/buffer_popup_window.lua:769] INFO: |BufferPopupWindow:preview_file| after-1, used:260
2024-02-04 18:02:12,214958 [@/Users/rlin/github/linrongbin16/fzfx.nvim/lua/fzfx/detail/general.lua:1291] INFO: |general.query_fzf_status| after-1, used:1402
2024-02-04 18:02:12,277700 [@/Users/rlin/github/linrongbin16/fzfx.nvim/lua/fzfx/detail/popup/buffer_popup_window.lua:784] INFO: |BufferPopupWindow:preview_file_contents| before-1
2024-02-04 18:02:13,251782 [@/Users/rlin/github/linrongbin16/fzfx.nvim/lua/fzfx/detail/popup/buffer_popup_window.lua:808] INFO: |BufferPopupWindow:preview_file_contents| after-1, used:974074
2024-02-04 18:02:13,284526 [@/Users/rlin/github/linrongbin16/fzfx.nvim/lua/fzfx/detail/popup/buffer_popup_window.lua:836] INFO: |BufferPopupWindow:preview_file_contents| before-2
2024-02-04 18:02:13,295748 [@/Users/rlin/github/linrongbin16/fzfx.nvim/lua/fzfx/detail/popup/buffer_popup_window.lua:969] INFO: |BufferPopupWindow:preview_file_contents| after-2, used:1.7070409332957e+15
2024-02-04 18:02:13,296362 [@/Users/rlin/github/linrongbin16/fzfx.nvim/lua/fzfx/detail/popup/buffer_popup_window.lua:922] INFO: |BufferPopupWindow:preview_file_contents - set_buf_lines| before-1
2024-02-04 18:02:13,306563 [@/Users/rlin/github/linrongbin16/fzfx.nvim/lua/fzfx/detail/popup/buffer_popup_window.lua:960] INFO: |BufferPopupWindow:preview_file_contents - set_buf_lines| after-1, used:10187
2024-02-04 18:02:14,161207 [@/Users/rlin/github/linrongbin16/fzfx.nvim/lua/fzfx/detail/general.lua:1193] INFO: |general.query_fzf_status| before-2 
2024-02-04 18:02:14,161761 [@/Users/rlin/github/linrongbin16/fzfx.nvim/lua/fzfx/detail/general.lua:1197] INFO: |general.query_fzf_status| after-2, used:569
2024-02-04 18:02:14,161922 [@/Users/rlin/github/linrongbin16/fzfx.nvim/lua/fzfx/detail/general.lua:1215] INFO: |general.query_fzf_status| before-1
2024-02-04 18:02:14,162325 [@/Users/rlin/github/linrongbin16/fzfx.nvim/lua/fzfx/detail/popup/buffer_popup_window.lua:655] INFO: |BufferPopupWindow:preview_file| before-1
2024-02-04 18:02:14,163131 [@/Users/rlin/github/linrongbin16/fzfx.nvim/lua/fzfx/detail/popup/buffer_popup_window.lua:769] INFO: |BufferPopupWindow:preview_file| after-1, used:783
2024-02-04 18:02:14,163272 [@/Users/rlin/github/linrongbin16/fzfx.nvim/lua/fzfx/detail/general.lua:1291] INFO: |general.query_fzf_status| after-1, used:1349
2024-02-04 18:02:14,193014 [@/Users/rlin/github/linrongbin16/fzfx.nvim/lua/fzfx/detail/general.lua:1193] INFO: |general.query_fzf_status| before-2 
2024-02-04 18:02:14,193687 [@/Users/rlin/github/linrongbin16/fzfx.nvim/lua/fzfx/detail/general.lua:1197] INFO: |general.query_fzf_status| after-2, used:674
2024-02-04 18:02:14,193911 [@/Users/rlin/github/linrongbin16/fzfx.nvim/lua/fzfx/detail/general.lua:1215] INFO: |general.query_fzf_status| before-1
2024-02-04 18:02:14,194232 [@/Users/rlin/github/linrongbin16/fzfx.nvim/lua/fzfx/detail/popup/buffer_popup_window.lua:655] INFO: |BufferPopupWindow:preview_file| before-1
2024-02-04 18:02:14,195357 [@/Users/rlin/github/linrongbin16/fzfx.nvim/lua/fzfx/detail/popup/buffer_popup_window.lua:769] INFO: |BufferPopupWindow:preview_file| after-1, used:1122
2024-02-04 18:02:14,196594 [@/Users/rlin/github/linrongbin16/fzfx.nvim/lua/fzfx/detail/general.lua:1291] INFO: |general.query_fzf_status| after-1, used:2681
2024-02-04 18:02:14,254200 [@/Users/rlin/github/linrongbin16/fzfx.nvim/lua/fzfx/detail/popup/buffer_popup_window.lua:784] INFO: |BufferPopupWindow:preview_file_contents| before-1
2024-02-04 18:02:14,267604 [@/Users/rlin/github/linrongbin16/fzfx.nvim/lua/fzfx/detail/popup/buffer_popup_window.lua:808] INFO: |BufferPopupWindow:preview_file_contents| after-1, used:13452
2024-02-04 18:02:14,268506 [@/Users/rlin/github/linrongbin16/fzfx.nvim/lua/fzfx/detail/popup/buffer_popup_window.lua:836] INFO: |BufferPopupWindow:preview_file_contents| before-2
2024-02-04 18:02:14,268785 [@/Users/rlin/github/linrongbin16/fzfx.nvim/lua/fzfx/detail/popup/buffer_popup_window.lua:969] INFO: |BufferPopupWindow:preview_file_contents| after-2, used:1.7070409342688e+15
2024-02-04 18:02:14,278983 [@/Users/rlin/github/linrongbin16/fzfx.nvim/lua/fzfx/detail/popup/buffer_popup_window.lua:922] INFO: |BufferPopupWindow:preview_file_contents - set_buf_lines| before-1
2024-02-04 18:02:14,280578 [@/Users/rlin/github/linrongbin16/fzfx.nvim/lua/fzfx/detail/popup/buffer_popup_window.lua:960] INFO: |BufferPopupWindow:preview_file_contents - set_buf_lines| after-1, used:1603
2024-02-04 18:02:15,115996 [@/Users/rlin/github/linrongbin16/fzfx.nvim/lua/fzfx/detail/popup/buffer_popup_window.lua:922] INFO: |BufferPopupWindow:preview_file_contents - set_buf_lines| before-1
2024-02-04 18:02:15,117647 [@/Users/rlin/github/linrongbin16/fzfx.nvim/lua/fzfx/detail/popup/buffer_popup_window.lua:960] INFO: |BufferPopupWindow:preview_file_contents - set_buf_lines| after-1, used:1669
2024-02-04 18:02:15,137781 [@/Users/rlin/github/linrongbin16/fzfx.nvim/lua/fzfx/detail/popup/buffer_popup_window.lua:922] INFO: |BufferPopupWindow:preview_file_contents - set_buf_lines| before-1
2024-02-04 18:02:15,140028 [@/Users/rlin/github/linrongbin16/fzfx.nvim/lua/fzfx/detail/popup/buffer_popup_window.lua:960] INFO: |BufferPopupWindow:preview_file_contents - set_buf_lines| after-1, used:2256
2024-02-04 18:02:15,146206 [@/Users/rlin/github/linrongbin16/fzfx.nvim/lua/fzfx/detail/general.lua:1193] INFO: |general.query_fzf_status| before-2 
2024-02-04 18:02:15,147515 [@/Users/rlin/github/linrongbin16/fzfx.nvim/lua/fzfx/detail/general.lua:1197] INFO: |general.query_fzf_status| after-2, used:1313
2024-02-04 18:02:15,147860 [@/Users/rlin/github/linrongbin16/fzfx.nvim/lua/fzfx/detail/popup/buffer_popup_window.lua:922] INFO: |BufferPopupWindow:preview_file_contents - set_buf_lines| before-1
2024-02-04 18:02:15,150037 [@/Users/rlin/github/linrongbin16/fzfx.nvim/lua/fzfx/detail/popup/buffer_popup_window.lua:960] INFO: |BufferPopupWindow:preview_file_contents - set_buf_lines| after-1, used:2156
2024-02-04 18:02:15,150858 [@/Users/rlin/github/linrongbin16/fzfx.nvim/lua/fzfx/detail/popup/buffer_popup_window.lua:873] INFO: |BufferPopupWindow:preview_file_contents - set_win_title| before-1
2024-02-04 18:02:15,151180 [@/Users/rlin/github/linrongbin16/fzfx.nvim/lua/fzfx/detail/popup/buffer_popup_window.lua:887] INFO: |BufferPopupWindow:preview_file_contents - set_win_title| after-1, used:314
2024-02-04 18:02:15,151537 [@/Users/rlin/github/linrongbin16/fzfx.nvim/lua/fzfx/detail/popup/buffer_popup_window.lua:922] INFO: |BufferPopupWindow:preview_file_contents - set_buf_lines| before-1
2024-02-04 18:02:15,153066 [@/Users/rlin/github/linrongbin16/fzfx.nvim/lua/fzfx/detail/popup/buffer_popup_window.lua:960] INFO: |BufferPopupWindow:preview_file_contents - set_buf_lines| after-1, used:1557
2024-02-04 18:02:16,131680 [@/Users/rlin/github/linrongbin16/fzfx.nvim/lua/fzfx/detail/popup/buffer_popup_window.lua:922] INFO: |BufferPopupWindow:preview_file_contents - set_buf_lines| before-1
2024-02-04 18:02:16,133905 [@/Users/rlin/github/linrongbin16/fzfx.nvim/lua/fzfx/detail/popup/buffer_popup_window.lua:960] INFO: |BufferPopupWindow:preview_file_contents - set_buf_lines| after-1, used:2243
2024-02-04 18:02:16,153975 [@/Users/rlin/github/linrongbin16/fzfx.nvim/lua/fzfx/detail/popup/buffer_popup_window.lua:922] INFO: |BufferPopupWindow:preview_file_contents - set_buf_lines| before-1
2024-02-04 18:02:16,156247 [@/Users/rlin/github/linrongbin16/fzfx.nvim/lua/fzfx/detail/popup/buffer_popup_window.lua:960] INFO: |BufferPopupWindow:preview_file_contents - set_buf_lines| after-1, used:2276
2024-02-04 18:02:16,161808 [@/Users/rlin/github/linrongbin16/fzfx.nvim/lua/fzfx/detail/general.lua:1193] INFO: |general.query_fzf_status| before-2 
2024-02-04 18:02:16,162678 [@/Users/rlin/github/linrongbin16/fzfx.nvim/lua/fzfx/detail/general.lua:1197] INFO: |general.query_fzf_status| after-2, used:875
2024-02-04 18:02:16,162989 [@/Users/rlin/github/linrongbin16/fzfx.nvim/lua/fzfx/detail/popup/buffer_popup_window.lua:922] INFO: |BufferPopupWindow:preview_file_contents - set_buf_lines| before-1
2024-02-04 18:02:16,165372 [@/Users/rlin/github/linrongbin16/fzfx.nvim/lua/fzfx/detail/popup/buffer_popup_window.lua:960] INFO: |BufferPopupWindow:preview_file_contents - set_buf_lines| after-1, used:2377
2024-02-04 18:02:16,166597 [@/Users/rlin/github/linrongbin16/fzfx.nvim/lua/fzfx/detail/popup/buffer_popup_window.lua:922] INFO: |BufferPopupWindow:preview_file_contents - set_buf_lines| before-1
2024-02-04 18:02:16,169963 [@/Users/rlin/github/linrongbin16/fzfx.nvim/lua/fzfx/detail/popup/buffer_popup_window.lua:960] INFO: |BufferPopupWindow:preview_file_contents - set_buf_lines| after-1, used:3345
2024-02-04 18:02:16,171163 [@/Users/rlin/github/linrongbin16/fzfx.nvim/lua/fzfx/detail/popup/buffer_popup_window.lua:922] INFO: |BufferPopupWindow:preview_file_contents - set_buf_lines| before-1
2024-02-04 18:02:16,174065 [@/Users/rlin/github/linrongbin16/fzfx.nvim/lua/fzfx/detail/popup/buffer_popup_window.lua:960] INFO: |BufferPopupWindow:preview_file_contents - set_buf_lines| after-1, used:2893
2024-02-04 18:02:16,175266 [@/Users/rlin/github/linrongbin16/fzfx.nvim/lua/fzfx/detail/popup/buffer_popup_window.lua:922] INFO: |BufferPopupWindow:preview_file_contents - set_buf_lines| before-1
2024-02-04 18:02:16,178450 [@/Users/rlin/github/linrongbin16/fzfx.nvim/lua/fzfx/detail/popup/buffer_popup_window.lua:960] INFO: |BufferPopupWindow:preview_file_contents - set_buf_lines| after-1, used:3176
2024-02-04 18:02:16,178751 [@/Users/rlin/github/linrongbin16/fzfx.nvim/lua/fzfx/detail/popup/buffer_popup_window.lua:922] INFO: |BufferPopupWindow:preview_file_contents - set_buf_lines| before-1
2024-02-04 18:02:16,182806 [@/Users/rlin/github/linrongbin16/fzfx.nvim/lua/fzfx/detail/popup/buffer_popup_window.lua:960] INFO: |BufferPopupWindow:preview_file_contents - set_buf_lines| after-1, used:4050
2024-02-04 18:02:16,183075 [@/Users/rlin/github/linrongbin16/fzfx.nvim/lua/fzfx/detail/popup/buffer_popup_window.lua:922] INFO: |BufferPopupWindow:preview_file_contents - set_buf_lines| before-1
2024-02-04 18:02:16,197963 [@/Users/rlin/github/linrongbin16/fzfx.nvim/lua/fzfx/detail/popup/buffer_popup_window.lua:960] INFO: |BufferPopupWindow:preview_file_contents - set_buf_lines| after-1, used:14869

